// Jest Snapshot v1, https://goo.gl/fbAQLP

exports[`Home renders resultpage 1`] = `
<div>
  <div
    class="MuiBox-root css-gmuovu"
  >
    <div
      class="MuiBox-root css-1l4w6pd"
    >
      <div
        class="MuiBox-root css-6n2mi5"
      >
        <a
          href="/"
        >
          <button
            class="MuiButtonBase-root MuiButton-root MuiButton-text MuiButton-textPrimary MuiButton-sizeSmall MuiButton-textSizeSmall MuiButton-root MuiButton-text MuiButton-textPrimary MuiButton-sizeSmall MuiButton-textSizeSmall css-4wjvfs-MuiButtonBase-root-MuiButton-root"
            tabindex="0"
            type="button"
          >
            Back to search
            <span
              class="MuiTouchRipple-root css-8je8zh-MuiTouchRipple-root"
            />
          </button>
        </a>
      </div>
      <div
        class="MuiBox-root css-i51og3"
      >
        <div
          class="MuiPaper-root MuiPaper-elevation MuiPaper-rounded MuiPaper-elevation1 css-7x6vwb-MuiPaper-root"
        >
          <div
            class="MuiTableContainer-root css-rorn0c-MuiTableContainer-root"
          >
            <table
              aria-label="sticky table"
              class="MuiTable-root MuiTable-stickyHeader css-1ut45vx-MuiTable-root"
            >
              <thead
                class="MuiTableHead-root css-15wwp11-MuiTableHead-root"
              >
                <tr
                  class="MuiTableRow-root MuiTableRow-head css-1pgphf0-MuiTableRow-root"
                >
                  <th
                    class="MuiTableCell-root MuiTableCell-head MuiTableCell-stickyHeader MuiTableCell-sizeMedium css-1gw840t-MuiTableCell-root"
                    scope="col"
                  >
                    Name
                  </th>
                  <th
                    class="MuiTableCell-root MuiTableCell-head MuiTableCell-stickyHeader MuiTableCell-sizeMedium css-1gw840t-MuiTableCell-root"
                    scope="col"
                  >
                    Stars
                  </th>
                  <th
                    class="MuiTableCell-root MuiTableCell-head MuiTableCell-stickyHeader MuiTableCell-sizeMedium css-1gw840t-MuiTableCell-root"
                    scope="col"
                  >
                    Forks
                  </th>
                  <th
                    class="MuiTableCell-root MuiTableCell-head MuiTableCell-stickyHeader MuiTableCell-sizeMedium css-1gw840t-MuiTableCell-root"
                    scope="col"
                  >
                    Link
                  </th>
                </tr>
              </thead>
              <tbody
                class="MuiTableBody-root css-apqrd9-MuiTableBody-root"
              />
            </table>
          </div>
        </div>
        <div
          class="MuiTablePagination-root css-n2sbe9-MuiTablePagination-root"
        >
          <div
            class="MuiToolbar-root MuiToolbar-gutters MuiToolbar-regular MuiTablePagination-toolbar css-78c6dr-MuiToolbar-root-MuiTablePagination-toolbar"
          >
            <div
              class="MuiTablePagination-spacer css-1psng7p-MuiTablePagination-spacer"
            />
            <p
              class="MuiTablePagination-displayedRows css-levciy-MuiTablePagination-displayedRows"
            >
              0â€“0 of 0
            </p>
            <div
              class="MuiTablePagination-actions"
            >
              <button
                aria-label="Go to previous page"
                class="MuiButtonBase-root Mui-disabled MuiIconButton-root Mui-disabled MuiIconButton-colorInherit MuiIconButton-sizeMedium css-b57xgn-MuiButtonBase-root-MuiIconButton-root"
                disabled=""
                tabindex="-1"
                title="Go to previous page"
                type="button"
              >
                <svg
                  aria-hidden="true"
                  class="MuiSvgIcon-root MuiSvgIcon-fontSizeMedium css-i4bv87-MuiSvgIcon-root"
                  data-testid="KeyboardArrowLeftIcon"
                  focusable="false"
                  viewBox="0 0 24 24"
                >
                  <path
                    d="M15.41 16.09l-4.58-4.59 4.58-4.59L14 5.5l-6 6 6 6z"
                  />
                </svg>
              </button>
              <button
                aria-label="Go to next page"
                class="MuiButtonBase-root Mui-disabled MuiIconButton-root Mui-disabled MuiIconButton-colorInherit MuiIconButton-sizeMedium css-b57xgn-MuiButtonBase-root-MuiIconButton-root"
                disabled=""
                tabindex="-1"
                title="Go to next page"
                type="button"
              >
                <svg
                  aria-hidden="true"
                  class="MuiSvgIcon-root MuiSvgIcon-fontSizeMedium css-i4bv87-MuiSvgIcon-root"
                  data-testid="KeyboardArrowRightIcon"
                  focusable="false"
                  viewBox="0 0 24 24"
                >
                  <path
                    d="M8.59 16.34l4.58-4.59-4.58-4.59L10 5.75l6 6-6 6z"
                  />
                </svg>
              </button>
            </div>
          </div>
        </div>
      </div>
    </div>
  </div>
</div>
`;
